# Project Study Log

## 2026-09-06 - Study log workflow initialized
- Purpose: Establish a durable record for meaningful investigations and optimizations.
- Investigation/optimization: Chose one root-level log per project with short entries covering purpose, evidence/reasoning, result, and next step.
- Result: Logging skill created; existing project changes were left untouched.
- Next: Append only when a diagnosis, optimization, or verified result materially advances the project.

## 2026-09-07 - 按严重性修复执行与感知风险
- Purpose: 收敛硬件误动作、旧目标、反馈错误与伪成功风险，完成软件回归后统一补 README。
- Evidence: 直接 I2C 绕过网关校验；取消未触发停止；FK 使用预设姿态；重复/旧帧参与跟踪；MoveIt 适配器无 goal 仍返回成功；NaN 反馈误差被忽略。
- Result: 增加传输输入校验与设备锁、严格地址及关节顺序检查、反馈失败写入闸门、取消/中断检查、实际姿态和新帧门控、RGB-D 坐标/时间/内参检查、外部真实抓取验证。83 C++、23 配置、8 无硬件 ROS 场景通过。
- Validation limits: 后期 colcon 在 100% 后挂起，终止后以 CMake/CTest、pytest 完成最新源码验证；DDS 运行测试经授权在沙箱外执行，全部强制 mock I2C。未进行真实舵机动作。
- Next: 验证 RGB-D 注册与手眼标定后做实机验收；不将软件测试等同于抓取成功或整项目全部功能完成。

## 2026-09-12 - real controller activation failure
- Purpose: Diagnose controller_manager rejection of arm/gripper/state broadcaster activation.
- Investigation: Logs show the hardware plugin initializes successfully, then all controllers fail interface claiming; the launch file also attempted parallel spawners, and a later edit exposed an undefined spawner variable.
- Result: Fixed the launch spawner argument and changed startup to serialized timers; build of edgepick_bringup passed. Runtime activation still needs confirmation on the robot.
- Next: Relaunch and verify `ros2 control list_controllers`; if interfaces remain unavailable, capture the first hardware/plugin error before controller spawning.

## 2026-09-12 - I2C trajectory frequency limit
- Purpose: Resolve the real-arm symptom where the first trajectory moved partially and later goals reported success without completing.
- Investigation: The drive board was known to reject or mishandle high-frequency MoveIt updates. The controller was publishing at 100 Hz while the I2C path applied per-cycle commands; the board could not reliably consume that stream.
- Result: Set `controller_manager.update_rate` to 20 Hz, increased the gateway minimum command interval to 50 ms, and added trajectory goal/velocity constraints. Real-arm testing succeeded at 20 Hz, including repeated angle changes.
- Next: Measure the highest stable rate by testing 25, 30, 40, then 50 Hz; stop at the first missed, partial, or delayed move and use the previous rate as the operating limit.

## 2026-09-12 - intermittent I2C faults and hard motion limits
- Purpose: Prevent intermittent real-arm stalls, false action success, and unsafe direct action goals.
- Investigation: The 40 Hz test rate exceeded the previously verified stable range. Each feedback sample synchronously polled six servo registers with up to five retries, so NACKs could block the controller-manager loop. The ros2_control command interfaces also lacked explicit min/max values, while transport limits alone did not guarantee early action rejection.
- Result: Restored the safe 20 Hz default, set a 50 ms command gate, reduced feedback polling to 150 ms with two attempts, kept the component recoverable after transient feedback failures, added ROS-radian limits to each command interface, and reject out-of-range commands in the hardware write path. Added strict trajectory end constraints and disabled partial goals.
- Next: Validate on hardware with an in-range move, an out-of-range goal, repeated commands after an induced I2C fault, and confirm action results are aborted/ rejected rather than successful.

## 2026-09-12 - VLA pre-integration dry-run gate
- Purpose: Prepare VLA integration without allowing unverified model outputs to move the real arm.
- Investigation: `smolvla_node` previously published directly to `/arm_group_controller/joint_trajectory`, bypassing MoveIt and its planning scene; action units/mapping are not yet validated on the real robot.
- Result: Added `execute_trajectory` parameter, default `false`. VLA inference and `/edgepick/vla/action` publication remain available while trajectory execution is disabled by default. Python syntax and builds of `edgepick_interfaces`, `edgepick_vla`, and `edgepick_bringup` passed.
- Next: Validate VLA action units, frame/timestamp freshness, output limits, and a single controlled execution path before enabling `execute_trajectory:=true`.

## 2026-09-13 - VLA real execution wiring
- Purpose: Diagnose why VLA messages changed while the real arm did not move.
- Investigation: The launch parameter `execute_trajectory` remained false, so the node published only `/edgepick/vla/action`. After enabling execution, the arm controller rejected six-joint trajectories because `arm_group_controller` accepts only Arm1_Joint through Arm5_Joint.
- Result: Launch now converts `execute_trajectory` explicitly and defaults the real VLA launch to true; trajectory publication sends only the five arm joints while retaining `grip_joint` in `VLAAction`. Rebuilt `edgepick_bringup` and `edgepick_vla`; real VLA execution subsequently succeeded.
- Next: Keep point-cloud validity as a separate RGB-D issue; it did not block this verified arm execution path.

## 2026-09-16 - VLA safe-route integration in Big
- Purpose: Route model proposals through Safety Gate, MoveIt and the existing ros2_control CommandGateway; keep all project code and the Python environment in Big.
- Investigation/optimization: Removed the old VLA direct-trajectory publisher. Added strict model contract, RGB-D obstacle/target updates, destination recheck, collision-aware payload, watchdogs, fault latch, MuJoCo action backend and detector compression/export/metrics scripts. Cached mesh self-filter bodies after a dynamic-obstacle test exposed seconds of scene-update delay. Real feedback loss now blocks writes immediately and persistent failures abort control.
- Result: Seven ROS packages built; safe-package C++/Python checks and affected hardware/bringup tests passed; 10 isolated ROS Mock checks passed including cancellation during execution. CPU pruning smoke test removed 7.70% of parameters at the tested setting, and distillation gradient / MuJoCo geometry-step checks passed. Big/.venv-vla imported all model dependencies and passed the MuJoCo ROS trajectory/cancellation check. These are not mAP, final size reduction or task success-rate measurements.
- Next: User supplies the final checkpoint; validate model rollout, RGB-D registration and extrinsics before real-hardware commissioning. No physical motion or real grasp was tested in this work.

## 2026-09-30 - stage 0 cube RGB-D contract cleanup
- Purpose: Remove the retired fruit-specific path and align the project with the cube RGB-D avoidance task.
- Investigation/optimization: Deleted retired launch, executor, dataset, validation-script and model artifacts; removed stale tests/docs; removed the standard COCO bridge because it has no cube class. Enforced two visual features, six-state/six-action SmolVLA, absolute ROS radians, `chunk_size=10`, and `n_action_steps=1` in the checkpoint manifest and loader.
- Result: Non-vendor Big sources contain no fruit-specific references. Contract tests pass (2 passed), AST syntax checks pass, and `git diff --check` passes. No training, ROS runtime, I2C, or physical-arm validation was run.
- Next: Generate RGB-D cube MuJoCo data, train a checkpoint with the declared manifest, then validate mock/MuJoCo rollout before any real-camera or hardware work.

## 2026-09-30 - MuJoCo RGB-D depth scale and cube visual cleanup
- Purpose: Prevent invalid depth values from entering the cube RGB-D dataset and ROS simulation backend.
- Investigation/optimization: MuJoCo 3.12 depth rendering returned the far clipping distance (~998.65 m with the current scene), while the policy contract expects metric depth bounded to 1.5 m. Clipped/finite conversion was added to the collector and MuJoCo ROS backend; the avoidance scene now uses an explicit cube material and cyan visibility mask.
- Result: Scene physics check and Python syntax checks passed. The local NVIDIA/EGL context still returns blank buffers or stalls because `/dev/nvhost*` and the NVIDIA driver are unavailable; no new dataset or training run was started. ROS tests were not collected from the non-ROS shell.
- Next: Restore the Jetson NVIDIA/EGL runtime, run the 1-episode render probe, then collect and inspect successful RGB-D episodes before conversion.

## 2026-09-30 - RGB-D backend regression checks
- Purpose: Re-run the affected Big tests with the ROS 2 environment initialized.
- Result: `edgepick_safe` Python tests passed 4/4 and Safety Gate C++ tests passed 7/7. The full collector remains unrun because the local EGL/NVIDIA context is unavailable.
- Next: After GPU recovery, run the one-episode probe, then collect the declared 6000 successful cube episodes.

## 2026-10-07 - canonical cube runtime cleanup
- Purpose: Make Big a cube RGB-D/SmolVLA project with one real-machine route and no retired fruit/VLA entry points.
- Investigation/optimization: Consolidated Mock, MuJoCo and real I2C startup under `edgepick_system.launch.py`; removed old direct-I2C, MoveIt validation, fruit executor, duplicate VLA package and retired launch/docs/model artifacts; required checkpoint, cube detector and registered-depth confirmation for MuJoCo/real; removed stale generated build/install artifacts; moved Safety Gate worker joining outside its mutex to avoid replan deadlock.
- Result: Six current ROS packages build successfully; package tests report 0 errors, 0 failures and 0 skipped; current-project Mock acceptance passed 10 checks including action completion, replay, estop, target/depth/policy timeout, planning failure and execution-time collision cancellation. DDS UDP permission warnings are sandbox-only; no physical arm motion, final model rollout, camera extrinsic or RGB-D registration was validated.
- Next: Train/prepare the final cube RGB-D checkpoint, run the MuJoCo route with a real YOLO cube model, then validate camera registration, extrinsics and hardware under the single `mode:=real` entry.

## 2026-10-07 - canonical avoidance scene and 50 percent placement check
- Purpose: Remove the remaining mismatch between Big's default MuJoCo scene, the cube dataset scene and the requested placement rule.
- Investigation/optimization: Updated Big's scene to a 3 cm yellow cube, two 3 x 3 x 6 cm green/blue static blockers and a 5 cm red place zone; preserved the wrist-camera position/FOV and the confirmed 10 degree downward optical-axis tilt. Added a tested footprint-overlap function and made Safety Gate require at least 0.5 target-area coverage after release. Synchronized destination defaults and perception review footprint parameters, removing Safety Gate-only parameters from the perception YAML section.
- Result: `simulation/check_scene.py`, Python syntax checks, the isolated `edgepick_safe` build, all 3 package tests and the 10-check Mock safety acceptance passed. The MuJoCo backend loaded the updated XML and ran until the sandbox timeout; only DDS/EGL permission warnings were reported.
- Next: Run a one-episode rendered MuJoCo probe with the final cube detector/checkpoint, then inspect RGB-D observations and placement coverage before full training or `mode:=real`.

## 2026-10-07 - asynchronous RGB-D and VLA runtime path
- Purpose: Reduce sensor callback blocking and stale-action risk without changing the trained cube RGB-D model contract or collecting data again.
- Investigation/optimization: Added bounded RGB/depth pairing, single-worker YOLO processing, latest-only SmolVLA inference, cached image conversion, GPU-side tensor transfer without depth channel copies, stale-frame invalidation, optional CUDA AMP, and detector device/FP16 controls. Added CUDA-synchronized detector timing and read-only ROS runtime profiling.
- Result: Isolated `edgepick_safe` build and CTest 3/3 passed; focused perception/policy tests passed 8/8, bringup configuration tests passed 14/14, scene checks and launch argument inspection passed. Defaults remain FP32 for checkpoint parity, while Jetson CUDA/AMP settings are explicit and measurable. Physical camera registration, detector latency and hardware motion remain unverified.
- Next: Build the isolated package, run the Mock safety suite, then profile a rendered MuJoCo or real-camera session before enabling AMP or changing detector precision.

## 2026-10-07 - cube best.pt checkpoint integration
- Purpose: Connect the user-provided `Edge_AI/best.pt` cube policy to Big without retraining or recollecting data.
- Investigation/optimization: Converted the Windows-path PyTorch snapshot to `models/vla_cube_best/model.safetensors` with an explicit RGB-only SmolVLA contract; verified checkpoint step 351000, validation loss 0.012969, 1875 episodes/241112 frames, six absolute ROS-radian state/action values, and matching normalization statistics. Separated feedback limits from policy-command limits so the trained gripper range is enforced at `[-1.25, 0]`.
- Result: Big's vendor LeRobot loader loaded the converted checkpoint with `strict=True` on CPU and produced one finite six-joint action from a real dataset RGB frame/state. Registered depth remains mandatory for perception/Safety Gate and is not passed to this RGB-only policy. No camera, detector, GPU or physical-arm success is claimed.
- Next: provide a cube YOLO detector path, then run the MuJoCo route with CUDA restored and inspect proposal-to-Safety-Gate behavior before any hardware run.
